// Jest Snapshot v1, https://goo.gl/fbAQLP

exports[`<EpisodeCard /> renders <EpisodeCard /> without error 1`] = `ShallowWrapper {}`;
