// Jest Snapshot v1, https://goo.gl/fbAQLP

exports[`<EpisodeDetails /> renders <EpisodeDetails /> without error 1`] = `ShallowWrapper {}`;
