// Jest Snapshot v1, https://goo.gl/fbAQLP

exports[`<App /> renders <App /> without error 1`] = `ShallowWrapper {}`;
