// Jest Snapshot v1, https://goo.gl/fbAQLP

exports[`<Characters /> renders <Characters /> without error 1`] = `ShallowWrapper {}`;
