// Jest Snapshot v1, https://goo.gl/fbAQLP

exports[`<Error /> renders <Error /> component without error 1`] = `ShallowWrapper {}`;
