// Jest Snapshot v1, https://goo.gl/fbAQLP

exports[`<ItemCard /> renders <ItemCard /> without error 1`] = `ShallowWrapper {}`;
