// Jest Snapshot v1, https://goo.gl/fbAQLP

exports[`<Episodes /> renders <Episodes /> without error 1`] = `ShallowWrapper {}`;
