// Jest Snapshot v1, https://goo.gl/fbAQLP

exports[`<Starship /> renders <Starship /> without error 1`] = `ShallowWrapper {}`;
