// Jest Snapshot v1, https://goo.gl/fbAQLP

exports[`<StarshipRadarChart /> renders <StarshipRadarChart /> without error 1`] = `ShallowWrapper {}`;
