// Jest Snapshot v1, https://goo.gl/fbAQLP

exports[`<CharProfile /> renders <CharProfile /> component without error 1`] = `ShallowWrapper {}`;
