// Jest Snapshot v1, https://goo.gl/fbAQLP

exports[`<Header /> renders <Header /> without error 1`] = `ShallowWrapper {}`;
