// Jest Snapshot v1, https://goo.gl/fbAQLP

exports[`<SignIn /> renders <SignIn /> without error 1`] = `ShallowWrapper {}`;
