// Jest Snapshot v1, https://goo.gl/fbAQLP

exports[`<CharCard /> renders <CharCard /> without error 1`] = `ShallowWrapper {}`;
